---
source: crates/libretto-cli/tests/snapshot_tests.rs
description: Bash completion script
---
_libretto() {
    local i cur prev opts cmd
    COMPREPLY=()
    if [[ "${BASH_VERSINFO[0]}" -ge 4 ]]; then
        cur="$2"
    else
        cur="${COMP_WORDS[COMP_CWORD]}"
    fi
    prev="$3"
    cmd=""
    opts=""

    for i in "${COMP_WORDS[@]:0:COMP_CWORD}"
    do
        case "${cmd},${i}" in
            ",$1")
                cmd="libretto"
                ;;
            libretto,about)
                cmd="libretto__about"
                ;;
            libretto,archive)
                cmd="libretto__archive"
                ;;
            libretto,audit)
                cmd="libretto__audit"
                ;;
            libretto,browse)
                cmd="libretto__browse"
                ;;
            libretto,bump)
                cmd="libretto__bump"
                ;;
            libretto,cache:list)
                cmd="libretto__cache:list"
                ;;
            libretto,check-platform-reqs)
                cmd="libretto__check__platform__reqs"
                ;;
            libretto,clear-cache)
                cmd="libretto__clear__cache"
                ;;
            libretto,clearcache)
                cmd="libretto__clear__cache"
                ;;
            libretto,completion)
                cmd="libretto__completion"
                ;;
            libretto,config)
                cmd="libretto__config"
                ;;
            libretto,create-project)
                cmd="libretto__create__project"
                ;;
            libretto,depends)
                cmd="libretto__depends"
                ;;
            libretto,diagnose)
                cmd="libretto__diagnose"
                ;;
            libretto,dump-autoload)
                cmd="libretto__dump__autoload"
                ;;
            libretto,dumpautoload)
                cmd="libretto__dump__autoload"
                ;;
            libretto,exec)
                cmd="libretto__exec"
                ;;
            libretto,fund)
                cmd="libretto__fund"
                ;;
            libretto,global)
                cmd="libretto__global"
                ;;
            libretto,help)
                cmd="libretto__help"
                ;;
            libretto,i)
                cmd="libretto__install"
                ;;
            libretto,init)
                cmd="libretto__init"
                ;;
            libretto,install)
                cmd="libretto__install"
                ;;
            libretto,licenses)
                cmd="libretto__licenses"
                ;;
            libretto,outdated)
                cmd="libretto__outdated"
                ;;
            libretto,prohibits)
                cmd="libretto__prohibits"
                ;;
            libretto,r)
                cmd="libretto__require"
                ;;
            libretto,reinstall)
                cmd="libretto__reinstall"
                ;;
            libretto,remove)
                cmd="libretto__remove"
                ;;
            libretto,repository)
                cmd="libretto__repository"
                ;;
            libretto,require)
                cmd="libretto__require"
                ;;
            libretto,rm)
                cmd="libretto__remove"
                ;;
            libretto,run-script)
                cmd="libretto__run__script"
                ;;
            libretto,search)
                cmd="libretto__search"
                ;;
            libretto,self-update)
                cmd="libretto__self__update"
                ;;
            libretto,show)
                cmd="libretto__show"
                ;;
            libretto,status)
                cmd="libretto__status"
                ;;
            libretto,suggests)
                cmd="libretto__suggests"
                ;;
            libretto,u)
                cmd="libretto__update"
                ;;
            libretto,update)
                cmd="libretto__update"
                ;;
            libretto,validate)
                cmd="libretto__validate"
                ;;
            libretto__help,about)
                cmd="libretto__help__about"
                ;;
            libretto__help,archive)
                cmd="libretto__help__archive"
                ;;
            libretto__help,audit)
                cmd="libretto__help__audit"
                ;;
            libretto__help,browse)
                cmd="libretto__help__browse"
                ;;
            libretto__help,bump)
                cmd="libretto__help__bump"
                ;;
            libretto__help,cache:list)
                cmd="libretto__help__cache:list"
                ;;
            libretto__help,check-platform-reqs)
                cmd="libretto__help__check__platform__reqs"
                ;;
            libretto__help,clear-cache)
                cmd="libretto__help__clear__cache"
                ;;
            libretto__help,completion)
                cmd="libretto__help__completion"
                ;;
            libretto__help,config)
                cmd="libretto__help__config"
                ;;
            libretto__help,create-project)
                cmd="libretto__help__create__project"
                ;;
            libretto__help,depends)
                cmd="libretto__help__depends"
                ;;
            libretto__help,diagnose)
                cmd="libretto__help__diagnose"
                ;;
            libretto__help,dump-autoload)
                cmd="libretto__help__dump__autoload"
                ;;
            libretto__help,exec)
                cmd="libretto__help__exec"
                ;;
            libretto__help,fund)
                cmd="libretto__help__fund"
                ;;
            libretto__help,global)
                cmd="libretto__help__global"
                ;;
            libretto__help,help)
                cmd="libretto__help__help"
                ;;
            libretto__help,init)
                cmd="libretto__help__init"
                ;;
            libretto__help,install)
                cmd="libretto__help__install"
                ;;
            libretto__help,licenses)
                cmd="libretto__help__licenses"
                ;;
            libretto__help,outdated)
                cmd="libretto__help__outdated"
                ;;
            libretto__help,prohibits)
                cmd="libretto__help__prohibits"
                ;;
            libretto__help,reinstall)
                cmd="libretto__help__reinstall"
                ;;
            libretto__help,remove)
                cmd="libretto__help__remove"
                ;;
            libretto__help,repository)
                cmd="libretto__help__repository"
                ;;
            libretto__help,require)
                cmd="libretto__help__require"
                ;;
            libretto__help,run-script)
                cmd="libretto__help__run__script"
                ;;
            libretto__help,search)
                cmd="libretto__help__search"
                ;;
            libretto__help,self-update)
                cmd="libretto__help__self__update"
                ;;
            libretto__help,show)
                cmd="libretto__help__show"
                ;;
            libretto__help,status)
                cmd="libretto__help__status"
                ;;
            libretto__help,suggests)
                cmd="libretto__help__suggests"
                ;;
            libretto__help,update)
                cmd="libretto__help__update"
                ;;
            libretto__help,validate)
                cmd="libretto__help__validate"
                ;;
            libretto__help__repository,add)
                cmd="libretto__help__repository__add"
                ;;
            libretto__help__repository,disable)
                cmd="libretto__help__repository__disable"
                ;;
            libretto__help__repository,enable)
                cmd="libretto__help__repository__enable"
                ;;
            libretto__help__repository,list)
                cmd="libretto__help__repository__list"
                ;;
            libretto__help__repository,remove)
                cmd="libretto__help__repository__remove"
                ;;
            libretto__repository,add)
                cmd="libretto__repository__add"
                ;;
            libretto__repository,disable)
                cmd="libretto__repository__disable"
                ;;
            libretto__repository,enable)
                cmd="libretto__repository__enable"
                ;;
            libretto__repository,help)
                cmd="libretto__repository__help"
                ;;
            libretto__repository,list)
                cmd="libretto__repository__list"
                ;;
            libretto__repository,remove)
                cmd="libretto__repository__remove"
                ;;
            libretto__repository__help,add)
                cmd="libretto__repository__help__add"
                ;;
            libretto__repository__help,disable)
                cmd="libretto__repository__help__disable"
                ;;
            libretto__repository__help,enable)
                cmd="libretto__repository__help__enable"
                ;;
            libretto__repository__help,help)
                cmd="libretto__repository__help__help"
                ;;
            libretto__repository__help,list)
                cmd="libretto__repository__help__list"
                ;;
            libretto__repository__help,remove)
                cmd="libretto__repository__help__remove"
                ;;
            *)
                ;;
        esac
    done

    case "${cmd}" in
        libretto)
            opts="-q -n -d -v -h -V --quiet --ansi --no-ansi --no-interaction --profile --no-plugins --no-scripts --working-dir --no-cache --format --verbose --help --version about archive audit browse bump clear-cache clearcache cache:list check-platform-reqs completion config create-project depends diagnose dump-autoload dumpautoload exec fund global init install i licenses outdated prohibits reinstall remove rm repository require r run-script search self-update show status suggests update u validate help"
            if [[ ${cur} == -* || ${COMP_CWORD} -eq 1 ]] ; then
                COMPREPLY=( $(compgen -W "${opts}" -- "${cur}") )
                return 0
            fi
            case "${prev}" in
                --working-dir)
                    COMPREPLY=($(compgen -f "${cur}"))
                    return 0
                    ;;
                -d)
                    COMPREPLY=($(compgen -f "${cur}"))
                    return 0
                    ;;
                --format)
                    COMPREPLY=($(compgen -W "table json text" -- "${cur}"))
                    return 0
                    ;;
                *)
                    COMPREPLY=()
                    ;;
            esac
            COMPREPLY=( $(compgen -W "${opts}" -- "${cur}") )
            return 0
            ;;
        libretto__about)
            opts="-q -n -d -v -h -V --quiet --ansi --no-ansi --no-interaction --profile --no-plugins --no-scripts --working-dir --no-cache --format --verbose --help --version"
            if [[ ${cur} == -* || ${COMP_CWORD} -eq 2 ]] ; then
                COMPREPLY=( $(compgen -W "${opts}" -- "${cur}") )
                return 0
            fi
            case "${prev}" in
                --working-dir)
                    COMPREPLY=($(compgen -f "${cur}"))
                    return 0
                    ;;
                -d)
                    COMPREPLY=($(compgen -f "${cur}"))
                    return 0
                    ;;
                --format)
                    COMPREPLY=($(compgen -W "table json text" -- "${cur}"))
                    return 0
                    ;;
                *)
                    COMPREPLY=()
                    ;;
            esac
            COMPREPLY=( $(compgen -W "${opts}" -- "${cur}") )
            return 0
            ;;
        libretto__archive)
            opts="-f -q -n -d -v -h -V --file --dir --format --stdout --ignore-filters --quiet --ansi --no-ansi --no-interaction --profile --no-plugins --no-scripts --working-dir --no-cache --verbose --help --version [PACKAGE] [VERSION]"
            if [[ ${cur} == -* || ${COMP_CWORD} -eq 2 ]] ; then
                COMPREPLY=( $(compgen -W "${opts}" -- "${cur}") )
                return 0
            fi
            case "${prev}" in
                --file)
                    COMPREPLY=($(compgen -f "${cur}"))
                    return 0
                    ;;
                -f)
                    COMPREPLY=($(compgen -f "${cur}"))
                    return 0
                    ;;
                --dir)
                    COMPREPLY=($(compgen -f "${cur}"))
                    return 0
                    ;;
                --format)
                    COMPREPLY=($(compgen -f "${cur}"))
                    return 0
                    ;;
                --working-dir)
                    COMPREPLY=($(compgen -f "${cur}"))
                    return 0
                    ;;
                -d)
                    COMPREPLY=($(compgen -f "${cur}"))
                    return 0
                    ;;
                *)
                    COMPREPLY=()
                    ;;
            esac
            COMPREPLY=( $(compgen -W "${opts}" -- "${cur}") )
            return 0
            ;;
        libretto__audit)
            opts="-f -q -n -d -v -h -V --format --no-fail --abandoned --locked --suggest-versions --quiet --ansi --no-ansi --no-interaction --profile --no-plugins --no-scripts --working-dir --no-cache --verbose --help --version"
            if [[ ${cur} == -* || ${COMP_CWORD} -eq 2 ]] ; then
                COMPREPLY=( $(compgen -W "${opts}" -- "${cur}") )
                return 0
            fi
            case "${prev}" in
                --format)
                    COMPREPLY=($(compgen -f "${cur}"))
                    return 0
                    ;;
                -f)
                    COMPREPLY=($(compgen -f "${cur}"))
                    return 0
                    ;;
                --working-dir)
                    COMPREPLY=($(compgen -f "${cur}"))
                    return 0
                    ;;
                -d)
                    COMPREPLY=($(compgen -f "${cur}"))
                    return 0
                    ;;
                *)
                    COMPREPLY=()
                    ;;
            esac
            COMPREPLY=( $(compgen -W "${opts}" -- "${cur}") )
            return 0
            ;;
        libretto__browse)
            opts="-H -s -q -n -d -v -h -V --homepage --show --quiet --ansi --no-ansi --no-interaction --profile --no-plugins --no-scripts --working-dir --no-cache --format --verbose --help --version [PACKAGE]"
            if [[ ${cur} == -* || ${COMP_CWORD} -eq 2 ]] ; then
                COMPREPLY=( $(compgen -W "${opts}" -- "${cur}") )
                return 0
            fi
            case "${prev}" in
                --working-dir)
                    COMPREPLY=($(compgen -f "${cur}"))
                    return 0
                    ;;
                -d)
                    COMPREPLY=($(compgen -f "${cur}"))
                    return 0
                    ;;
                --format)
                    COMPREPLY=($(compgen -W "table json text" -- "${cur}"))
                    return 0
                    ;;
                *)
                    COMPREPLY=()
                    ;;
            esac
            COMPREPLY=( $(compgen -W "${opts}" -- "${cur}") )
            return 0
            ;;
        libretto__bump)
            opts="-D -R -q -n -d -v -h -V --dev-only --no-dev-only --dry-run --quiet --ansi --no-ansi --no-interaction --profile --no-plugins --no-scripts --working-dir --no-cache --format --verbose --help --version [PACKAGE]..."
            if [[ ${cur} == -* || ${COMP_CWORD} -eq 2 ]] ; then
                COMPREPLY=( $(compgen -W "${opts}" -- "${cur}") )
                return 0
            fi
            case "${prev}" in
                --working-dir)
                    COMPREPLY=($(compgen -f "${cur}"))
                    return 0
                    ;;
                -d)
                    COMPREPLY=($(compgen -f "${cur}"))
                    return 0
                    ;;
                --format)
                    COMPREPLY=($(compgen -W "table json text" -- "${cur}"))
                    return 0
                    ;;
                *)
                    COMPREPLY=()
                    ;;
            esac
            COMPREPLY=( $(compgen -W "${opts}" -- "${cur}") )
            return 0
            ;;
        libretto__cache:list)
            opts="-q -n -d -v -h -V --packages --repo --vcs --quiet --ansi --no-ansi --no-interaction --profile --no-plugins --no-scripts --working-dir --no-cache --format --verbose --help --version"
            if [[ ${cur} == -* || ${COMP_CWORD} -eq 2 ]] ; then
                COMPREPLY=( $(compgen -W "${opts}" -- "${cur}") )
                return 0
            fi
            case "${prev}" in
                --working-dir)
                    COMPREPLY=($(compgen -f "${cur}"))
                    return 0
                    ;;
                -d)
                    COMPREPLY=($(compgen -f "${cur}"))
                    return 0
                    ;;
                --format)
                    COMPREPLY=($(compgen -W "table json text" -- "${cur}"))
                    return 0
                    ;;
                *)
                    COMPREPLY=()
                    ;;
            esac
            COMPREPLY=( $(compgen -W "${opts}" -- "${cur}") )
            return 0
            ;;
        libretto__check__platform__reqs)
            opts="-f -q -n -d -v -h -V --lock --no-check-php --format --quiet --ansi --no-ansi --no-interaction --profile --no-plugins --no-scripts --working-dir --no-cache --verbose --help --version"
            if [[ ${cur} == -* || ${COMP_CWORD} -eq 2 ]] ; then
                COMPREPLY=( $(compgen -W "${opts}" -- "${cur}") )
                return 0
            fi
            case "${prev}" in
                --format)
                    COMPREPLY=($(compgen -f "${cur}"))
                    return 0
                    ;;
                -f)
                    COMPREPLY=($(compgen -f "${cur}"))
                    return 0
                    ;;
                --working-dir)
                    COMPREPLY=($(compgen -f "${cur}"))
                    return 0
                    ;;
                -d)
                    COMPREPLY=($(compgen -f "${cur}"))
                    return 0
                    ;;
                *)
                    COMPREPLY=()
                    ;;
            esac
            COMPREPLY=( $(compgen -W "${opts}" -- "${cur}") )
            return 0
            ;;
        libretto__clear__cache)
            opts="-q -n -d -v -h -V --packages --repo --vcs --cas --gc --max-age --quiet --ansi --no-ansi --no-interaction --profile --no-plugins --no-scripts --working-dir --no-cache --format --verbose --help --version"
            if [[ ${cur} == -* || ${COMP_CWORD} -eq 2 ]] ; then
                COMPREPLY=( $(compgen -W "${opts}" -- "${cur}") )
                return 0
            fi
            case "${prev}" in
                --max-age)
                    COMPREPLY=($(compgen -f "${cur}"))
                    return 0
                    ;;
                --working-dir)
                    COMPREPLY=($(compgen -f "${cur}"))
                    return 0
                    ;;
                -d)
                    COMPREPLY=($(compgen -f "${cur}"))
                    return 0
                    ;;
                --format)
                    COMPREPLY=($(compgen -W "table json text" -- "${cur}"))
                    return 0
                    ;;
                *)
                    COMPREPLY=()
                    ;;
            esac
            COMPREPLY=( $(compgen -W "${opts}" -- "${cur}") )
            return 0
            ;;
        libretto__completion)
            opts="-q -n -d -v -h -V --quiet --ansi --no-ansi --no-interaction --profile --no-plugins --no-scripts --working-dir --no-cache --format --verbose --help --version bash zsh fish power-shell elvish"
            if [[ ${cur} == -* || ${COMP_CWORD} -eq 2 ]] ; then
                COMPREPLY=( $(compgen -W "${opts}" -- "${cur}") )
                return 0
            fi
            case "${prev}" in
                --working-dir)
                    COMPREPLY=($(compgen -f "${cur}"))
                    return 0
                    ;;
                -d)
                    COMPREPLY=($(compgen -f "${cur}"))
                    return 0
                    ;;
                --format)
                    COMPREPLY=($(compgen -W "table json text" -- "${cur}"))
                    return 0
                    ;;
                *)
                    COMPREPLY=()
                    ;;
            esac
            COMPREPLY=( $(compgen -W "${opts}" -- "${cur}") )
            return 0
            ;;
        libretto__config)
            opts="-g -l -e -a -q -n -d -v -h -V --global --list --unset --editor --auth --append --absolute --quiet --ansi --no-ansi --no-interaction --profile --no-plugins --no-scripts --working-dir --no-cache --format --verbose --help --version [KEY] [VALUE]"
            if [[ ${cur} == -* || ${COMP_CWORD} -eq 2 ]] ; then
                COMPREPLY=( $(compgen -W "${opts}" -- "${cur}") )
                return 0
            fi
            case "${prev}" in
                --working-dir)
                    COMPREPLY=($(compgen -f "${cur}"))
                    return 0
                    ;;
                -d)
                    COMPREPLY=($(compgen -f "${cur}"))
                    return 0
                    ;;
                --format)
                    COMPREPLY=($(compgen -W "table json text" -- "${cur}"))
                    return 0
                    ;;
                *)
                    COMPREPLY=()
                    ;;
            esac
            COMPREPLY=( $(compgen -W "${opts}" -- "${cur}") )
            return 0
            ;;
        libretto__create__project)
            opts="-s -q -d -v -h -V --stability --prefer-source --prefer-dist --repository --add-repository --no-dev --no-install --no-interaction --keep-vcs --remove-vcs --ignore-platform-reqs --ask --quiet --ansi --no-ansi --profile --no-plugins --no-scripts --working-dir --no-cache --format --verbose --help --version <PACKAGE> [DIRECTORY] [VERSION]"
            if [[ ${cur} == -* || ${COMP_CWORD} -eq 2 ]] ; then
                COMPREPLY=( $(compgen -W "${opts}" -- "${cur}") )
                return 0
            fi
            case "${prev}" in
                --stability)
                    COMPREPLY=($(compgen -f "${cur}"))
                    return 0
                    ;;
                -s)
                    COMPREPLY=($(compgen -f "${cur}"))
                    return 0
                    ;;
                --repository)
                    COMPREPLY=($(compgen -f "${cur}"))
                    return 0
                    ;;
                --add-repository)
                    COMPREPLY=($(compgen -f "${cur}"))
                    return 0
                    ;;
                --working-dir)
                    COMPREPLY=($(compgen -f "${cur}"))
                    return 0
                    ;;
                -d)
                    COMPREPLY=($(compgen -f "${cur}"))
                    return 0
                    ;;
                --format)
                    COMPREPLY=($(compgen -W "table json text" -- "${cur}"))
                    return 0
                    ;;
                *)
                    COMPREPLY=()
                    ;;
            esac
            COMPREPLY=( $(compgen -W "${opts}" -- "${cur}") )
            return 0
            ;;
        libretto__depends)
            opts="-r -t -q -n -d -v -h -V --recursive --tree --quiet --ansi --no-ansi --no-interaction --profile --no-plugins --no-scripts --working-dir --no-cache --format --verbose --help --version <PACKAGE>"
            if [[ ${cur} == -* || ${COMP_CWORD} -eq 2 ]] ; then
                COMPREPLY=( $(compgen -W "${opts}" -- "${cur}") )
                return 0
            fi
            case "${prev}" in
                --working-dir)
                    COMPREPLY=($(compgen -f "${cur}"))
                    return 0
                    ;;
                -d)
                    COMPREPLY=($(compgen -f "${cur}"))
                    return 0
                    ;;
                --format)
                    COMPREPLY=($(compgen -W "table json text" -- "${cur}"))
                    return 0
                    ;;
                *)
                    COMPREPLY=()
                    ;;
            esac
            COMPREPLY=( $(compgen -W "${opts}" -- "${cur}") )
            return 0
            ;;
        libretto__diagnose)
            opts="-q -n -d -v -h -V --quiet --ansi --no-ansi --no-interaction --profile --no-plugins --no-scripts --working-dir --no-cache --format --verbose --help --version"
            if [[ ${cur} == -* || ${COMP_CWORD} -eq 2 ]] ; then
                COMPREPLY=( $(compgen -W "${opts}" -- "${cur}") )
                return 0
            fi
            case "${prev}" in
                --working-dir)
                    COMPREPLY=($(compgen -f "${cur}"))
                    return 0
                    ;;
                -d)
                    COMPREPLY=($(compgen -f "${cur}"))
                    return 0
                    ;;
                --format)
                    COMPREPLY=($(compgen -W "table json text" -- "${cur}"))
                    return 0
                    ;;
                *)
                    COMPREPLY=()
                    ;;
            esac
            COMPREPLY=( $(compgen -W "${opts}" -- "${cur}") )
            return 0
            ;;
        libretto__dump__autoload)
            opts="-o -c -q -n -d -v -h -V --optimize --classmap-authoritative --apcu --no-scripts --quiet --ansi --no-ansi --no-interaction --profile --no-plugins --working-dir --no-cache --format --verbose --help --version"
            if [[ ${cur} == -* || ${COMP_CWORD} -eq 2 ]] ; then
                COMPREPLY=( $(compgen -W "${opts}" -- "${cur}") )
                return 0
            fi
            case "${prev}" in
                --working-dir)
                    COMPREPLY=($(compgen -f "${cur}"))
                    return 0
                    ;;
                -d)
                    COMPREPLY=($(compgen -f "${cur}"))
                    return 0
                    ;;
                --format)
                    COMPREPLY=($(compgen -W "table json text" -- "${cur}"))
                    return 0
                    ;;
                *)
                    COMPREPLY=()
                    ;;
            esac
            COMPREPLY=( $(compgen -W "${opts}" -- "${cur}") )
            return 0
            ;;
        libretto__exec)
            opts="-l -q -n -d -v -h -V --list --quiet --ansi --no-ansi --no-interaction --profile --no-plugins --no-scripts --working-dir --no-cache --format --verbose --help --version <BINARY> [ARGS]..."
            if [[ ${cur} == -* || ${COMP_CWORD} -eq 2 ]] ; then
                COMPREPLY=( $(compgen -W "${opts}" -- "${cur}") )
                return 0
            fi
            case "${prev}" in
                --working-dir)
                    COMPREPLY=($(compgen -f "${cur}"))
                    return 0
                    ;;
                -d)
                    COMPREPLY=($(compgen -f "${cur}"))
                    return 0
                    ;;
                --format)
                    COMPREPLY=($(compgen -W "table json text" -- "${cur}"))
                    return 0
                    ;;
                *)
                    COMPREPLY=()
                    ;;
            esac
            COMPREPLY=( $(compgen -W "${opts}" -- "${cur}") )
            return 0
            ;;
        libretto__fund)
            opts="-f -q -n -d -v -h -V --format --quiet --ansi --no-ansi --no-interaction --profile --no-plugins --no-scripts --working-dir --no-cache --verbose --help --version"
            if [[ ${cur} == -* || ${COMP_CWORD} -eq 2 ]] ; then
                COMPREPLY=( $(compgen -W "${opts}" -- "${cur}") )
                return 0
            fi
            case "${prev}" in
                --format)
                    COMPREPLY=($(compgen -f "${cur}"))
                    return 0
                    ;;
                -f)
                    COMPREPLY=($(compgen -f "${cur}"))
                    return 0
                    ;;
                --working-dir)
                    COMPREPLY=($(compgen -f "${cur}"))
                    return 0
                    ;;
                -d)
                    COMPREPLY=($(compgen -f "${cur}"))
                    return 0
                    ;;
                *)
                    COMPREPLY=()
                    ;;
            esac
            COMPREPLY=( $(compgen -W "${opts}" -- "${cur}") )
            return 0
            ;;
        libretto__global)
            opts="-q -n -d -v -h -V --quiet --ansi --no-ansi --no-interaction --profile --no-plugins --no-scripts --working-dir --no-cache --format --verbose --help --version <COMMAND> [ARGS]..."
            if [[ ${cur} == -* || ${COMP_CWORD} -eq 2 ]] ; then
                COMPREPLY=( $(compgen -W "${opts}" -- "${cur}") )
                return 0
            fi
            case "${prev}" in
                --working-dir)
                    COMPREPLY=($(compgen -f "${cur}"))
                    return 0
                    ;;
                -d)
                    COMPREPLY=($(compgen -f "${cur}"))
                    return 0
                    ;;
                --format)
                    COMPREPLY=($(compgen -W "table json text" -- "${cur}"))
                    return 0
                    ;;
                *)
                    COMPREPLY=()
                    ;;
            esac
            COMPREPLY=( $(compgen -W "${opts}" -- "${cur}") )
            return 0
            ;;
        libretto__help)
            opts="about archive audit browse bump clear-cache cache:list check-platform-reqs completion config create-project depends diagnose dump-autoload exec fund global init install licenses outdated prohibits reinstall remove repository require run-script search self-update show status suggests update validate help"
            if [[ ${cur} == -* || ${COMP_CWORD} -eq 2 ]] ; then
                COMPREPLY=( $(compgen -W "${opts}" -- "${cur}") )
                return 0
            fi
            case "${prev}" in
                *)
                    COMPREPLY=()
                    ;;
            esac
            COMPREPLY=( $(compgen -W "${opts}" -- "${cur}") )
            return 0
            ;;
        libretto__help__about)
            opts=""
            if [[ ${cur} == -* || ${COMP_CWORD} -eq 3 ]] ; then
                COMPREPLY=( $(compgen -W "${opts}" -- "${cur}") )
                return 0
            fi
            case "${prev}" in
                *)
                    COMPREPLY=()
                    ;;
            esac
            COMPREPLY=( $(compgen -W "${opts}" -- "${cur}") )
            return 0
            ;;
        libretto__help__archive)
            opts=""
            if [[ ${cur} == -* || ${COMP_CWORD} -eq 3 ]] ; then
                COMPREPLY=( $(compgen -W "${opts}" -- "${cur}") )
                return 0
            fi
            case "${prev}" in
                *)
                    COMPREPLY=()
                    ;;
            esac
            COMPREPLY=( $(compgen -W "${opts}" -- "${cur}") )
            return 0
            ;;
        libretto__help__audit)
            opts=""
            if [[ ${cur} == -* || ${COMP_CWORD} -eq 3 ]] ; then
                COMPREPLY=( $(compgen -W "${opts}" -- "${cur}") )
                return 0
            fi
            case "${prev}" in
                *)
                    COMPREPLY=()
                    ;;
            esac
            COMPREPLY=( $(compgen -W "${opts}" -- "${cur}") )
            return 0
            ;;
        libretto__help__browse)
            opts=""
            if [[ ${cur} == -* || ${COMP_CWORD} -eq 3 ]] ; then
                COMPREPLY=( $(compgen -W "${opts}" -- "${cur}") )
                return 0
            fi
            case "${prev}" in
                *)
                    COMPREPLY=()
                    ;;
            esac
            COMPREPLY=( $(compgen -W "${opts}" -- "${cur}") )
            return 0
            ;;
        libretto__help__bump)
            opts=""
            if [[ ${cur} == -* || ${COMP_CWORD} -eq 3 ]] ; then
                COMPREPLY=( $(compgen -W "${opts}" -- "${cur}") )
                return 0
            fi
            case "${prev}" in
                *)
                    COMPREPLY=()
                    ;;
            esac
            COMPREPLY=( $(compgen -W "${opts}" -- "${cur}") )
            return 0
            ;;
        libretto__help__cache:list)
            opts=""
            if [[ ${cur} == -* || ${COMP_CWORD} -eq 3 ]] ; then
                COMPREPLY=( $(compgen -W "${opts}" -- "${cur}") )
                return 0
            fi
            case "${prev}" in
                *)
                    COMPREPLY=()
                    ;;
            esac
            COMPREPLY=( $(compgen -W "${opts}" -- "${cur}") )
            return 0
            ;;
        libretto__help__check__platform__reqs)
            opts=""
            if [[ ${cur} == -* || ${COMP_CWORD} -eq 3 ]] ; then
                COMPREPLY=( $(compgen -W "${opts}" -- "${cur}") )
                return 0
            fi
            case "${prev}" in
                *)
                    COMPREPLY=()
                    ;;
            esac
            COMPREPLY=( $(compgen -W "${opts}" -- "${cur}") )
            return 0
            ;;
        libretto__help__clear__cache)
            opts=""
            if [[ ${cur} == -* || ${COMP_CWORD} -eq 3 ]] ; then
                COMPREPLY=( $(compgen -W "${opts}" -- "${cur}") )
                return 0
            fi
            case "${prev}" in
                *)
                    COMPREPLY=()
                    ;;
            esac
            COMPREPLY=( $(compgen -W "${opts}" -- "${cur}") )
            return 0
            ;;
        libretto__help__completion)
            opts=""
            if [[ ${cur} == -* || ${COMP_CWORD} -eq 3 ]] ; then
                COMPREPLY=( $(compgen -W "${opts}" -- "${cur}") )
                return 0
            fi
            case "${prev}" in
                *)
                    COMPREPLY=()
                    ;;
            esac
            COMPREPLY=( $(compgen -W "${opts}" -- "${cur}") )
            return 0
            ;;
        libretto__help__config)
            opts=""
            if [[ ${cur} == -* || ${COMP_CWORD} -eq 3 ]] ; then
                COMPREPLY=( $(compgen -W "${opts}" -- "${cur}") )
                return 0
            fi
            case "${prev}" in
                *)
                    COMPREPLY=()
                    ;;
            esac
            COMPREPLY=( $(compgen -W "${opts}" -- "${cur}") )
            return 0
            ;;
        libretto__help__create__project)
            opts=""
            if [[ ${cur} == -* || ${COMP_CWORD} -eq 3 ]] ; then
                COMPREPLY=( $(compgen -W "${opts}" -- "${cur}") )
                return 0
            fi
            case "${prev}" in
                *)
                    COMPREPLY=()
                    ;;
            esac
            COMPREPLY=( $(compgen -W "${opts}" -- "${cur}") )
            return 0
            ;;
        libretto__help__depends)
            opts=""
            if [[ ${cur} == -* || ${COMP_CWORD} -eq 3 ]] ; then
                COMPREPLY=( $(compgen -W "${opts}" -- "${cur}") )
                return 0
            fi
            case "${prev}" in
                *)
                    COMPREPLY=()
                    ;;
            esac
            COMPREPLY=( $(compgen -W "${opts}" -- "${cur}") )
            return 0
            ;;
        libretto__help__diagnose)
            opts=""
            if [[ ${cur} == -* || ${COMP_CWORD} -eq 3 ]] ; then
                COMPREPLY=( $(compgen -W "${opts}" -- "${cur}") )
                return 0
            fi
            case "${prev}" in
                *)
                    COMPREPLY=()
                    ;;
            esac
            COMPREPLY=( $(compgen -W "${opts}" -- "${cur}") )
            return 0
            ;;
        libretto__help__dump__autoload)
            opts=""
            if [[ ${cur} == -* || ${COMP_CWORD} -eq 3 ]] ; then
                COMPREPLY=( $(compgen -W "${opts}" -- "${cur}") )
                return 0
            fi
            case "${prev}" in
                *)
                    COMPREPLY=()
                    ;;
            esac
            COMPREPLY=( $(compgen -W "${opts}" -- "${cur}") )
            return 0
            ;;
        libretto__help__exec)
            opts=""
            if [[ ${cur} == -* || ${COMP_CWORD} -eq 3 ]] ; then
                COMPREPLY=( $(compgen -W "${opts}" -- "${cur}") )
                return 0
            fi
            case "${prev}" in
                *)
                    COMPREPLY=()
                    ;;
            esac
            COMPREPLY=( $(compgen -W "${opts}" -- "${cur}") )
            return 0
            ;;
        libretto__help__fund)
            opts=""
            if [[ ${cur} == -* || ${COMP_CWORD} -eq 3 ]] ; then
                COMPREPLY=( $(compgen -W "${opts}" -- "${cur}") )
                return 0
            fi
            case "${prev}" in
                *)
                    COMPREPLY=()
                    ;;
            esac
            COMPREPLY=( $(compgen -W "${opts}" -- "${cur}") )
            return 0
            ;;
        libretto__help__global)
            opts=""
            if [[ ${cur} == -* || ${COMP_CWORD} -eq 3 ]] ; then
                COMPREPLY=( $(compgen -W "${opts}" -- "${cur}") )
                return 0
            fi
            case "${prev}" in
                *)
                    COMPREPLY=()
                    ;;
            esac
            COMPREPLY=( $(compgen -W "${opts}" -- "${cur}") )
            return 0
            ;;
        libretto__help__help)
            opts=""
            if [[ ${cur} == -* || ${COMP_CWORD} -eq 3 ]] ; then
                COMPREPLY=( $(compgen -W "${opts}" -- "${cur}") )
                return 0
            fi
            case "${prev}" in
                *)
                    COMPREPLY=()
                    ;;
            esac
            COMPREPLY=( $(compgen -W "${opts}" -- "${cur}") )
            return 0
            ;;
        libretto__help__init)
            opts=""
            if [[ ${cur} == -* || ${COMP_CWORD} -eq 3 ]] ; then
                COMPREPLY=( $(compgen -W "${opts}" -- "${cur}") )
                return 0
            fi
            case "${prev}" in
                *)
                    COMPREPLY=()
                    ;;
            esac
            COMPREPLY=( $(compgen -W "${opts}" -- "${cur}") )
            return 0
            ;;
        libretto__help__install)
            opts=""
            if [[ ${cur} == -* || ${COMP_CWORD} -eq 3 ]] ; then
                COMPREPLY=( $(compgen -W "${opts}" -- "${cur}") )
                return 0
            fi
            case "${prev}" in
                *)
                    COMPREPLY=()
                    ;;
            esac
            COMPREPLY=( $(compgen -W "${opts}" -- "${cur}") )
            return 0
            ;;
        libretto__help__licenses)
            opts=""
            if [[ ${cur} == -* || ${COMP_CWORD} -eq 3 ]] ; then
                COMPREPLY=( $(compgen -W "${opts}" -- "${cur}") )
                return 0
            fi
            case "${prev}" in
                *)
                    COMPREPLY=()
                    ;;
            esac
            COMPREPLY=( $(compgen -W "${opts}" -- "${cur}") )
            return 0
            ;;
        libretto__help__outdated)
            opts=""
            if [[ ${cur} == -* || ${COMP_CWORD} -eq 3 ]] ; then
                COMPREPLY=( $(compgen -W "${opts}" -- "${cur}") )
                return 0
            fi
            case "${prev}" in
                *)
                    COMPREPLY=()
                    ;;
            esac
            COMPREPLY=( $(compgen -W "${opts}" -- "${cur}") )
            return 0
            ;;
        libretto__help__prohibits)
            opts=""
            if [[ ${cur} == -* || ${COMP_CWORD} -eq 3 ]] ; then
                COMPREPLY=( $(compgen -W "${opts}" -- "${cur}") )
                return 0
            fi
            case "${prev}" in
                *)
                    COMPREPLY=()
                    ;;
            esac
            COMPREPLY=( $(compgen -W "${opts}" -- "${cur}") )
            return 0
            ;;
        libretto__help__reinstall)
            opts=""
            if [[ ${cur} == -* || ${COMP_CWORD} -eq 3 ]] ; then
                COMPREPLY=( $(compgen -W "${opts}" -- "${cur}") )
                return 0
            fi
            case "${prev}" in
                *)
                    COMPREPLY=()
                    ;;
            esac
            COMPREPLY=( $(compgen -W "${opts}" -- "${cur}") )
            return 0
            ;;
        libretto__help__remove)
            opts=""
            if [[ ${cur} == -* || ${COMP_CWORD} -eq 3 ]] ; then
                COMPREPLY=( $(compgen -W "${opts}" -- "${cur}") )
                return 0
            fi
            case "${prev}" in
                *)
                    COMPREPLY=()
                    ;;
            esac
            COMPREPLY=( $(compgen -W "${opts}" -- "${cur}") )
            return 0
            ;;
        libretto__help__repository)
            opts="add remove list enable disable"
            if [[ ${cur} == -* || ${COMP_CWORD} -eq 3 ]] ; then
                COMPREPLY=( $(compgen -W "${opts}" -- "${cur}") )
                return 0
            fi
            case "${prev}" in
                *)
                    COMPREPLY=()
                    ;;
            esac
            COMPREPLY=( $(compgen -W "${opts}" -- "${cur}") )
            return 0
            ;;
        libretto__help__repository__add)
            opts=""
            if [[ ${cur} == -* || ${COMP_CWORD} -eq 4 ]] ; then
                COMPREPLY=( $(compgen -W "${opts}" -- "${cur}") )
                return 0
            fi
            case "${prev}" in
                *)
                    COMPREPLY=()
                    ;;
            esac
            COMPREPLY=( $(compgen -W "${opts}" -- "${cur}") )
            return 0
            ;;
        libretto__help__repository__disable)
            opts=""
            if [[ ${cur} == -* || ${COMP_CWORD} -eq 4 ]] ; then
                COMPREPLY=( $(compgen -W "${opts}" -- "${cur}") )
                return 0
            fi
            case "${prev}" in
                *)
                    COMPREPLY=()
                    ;;
            esac
            COMPREPLY=( $(compgen -W "${opts}" -- "${cur}") )
            return 0
            ;;
        libretto__help__repository__enable)
            opts=""
            if [[ ${cur} == -* || ${COMP_CWORD} -eq 4 ]] ; then
                COMPREPLY=( $(compgen -W "${opts}" -- "${cur}") )
                return 0
            fi
            case "${prev}" in
                *)
                    COMPREPLY=()
                    ;;
            esac
            COMPREPLY=( $(compgen -W "${opts}" -- "${cur}") )
            return 0
            ;;
        libretto__help__repository__list)
            opts=""
            if [[ ${cur} == -* || ${COMP_CWORD} -eq 4 ]] ; then
                COMPREPLY=( $(compgen -W "${opts}" -- "${cur}") )
                return 0
            fi
            case "${prev}" in
                *)
                    COMPREPLY=()
                    ;;
            esac
            COMPREPLY=( $(compgen -W "${opts}" -- "${cur}") )
            return 0
            ;;
        libretto__help__repository__remove)
            opts=""
            if [[ ${cur} == -* || ${COMP_CWORD} -eq 4 ]] ; then
                COMPREPLY=( $(compgen -W "${opts}" -- "${cur}") )
                return 0
            fi
            case "${prev}" in
                *)
                    COMPREPLY=()
                    ;;
            esac
            COMPREPLY=( $(compgen -W "${opts}" -- "${cur}") )
            return 0
            ;;
        libretto__help__require)
            opts=""
            if [[ ${cur} == -* || ${COMP_CWORD} -eq 3 ]] ; then
                COMPREPLY=( $(compgen -W "${opts}" -- "${cur}") )
                return 0
            fi
            case "${prev}" in
                *)
                    COMPREPLY=()
                    ;;
            esac
            COMPREPLY=( $(compgen -W "${opts}" -- "${cur}") )
            return 0
            ;;
        libretto__help__run__script)
            opts=""
            if [[ ${cur} == -* || ${COMP_CWORD} -eq 3 ]] ; then
                COMPREPLY=( $(compgen -W "${opts}" -- "${cur}") )
                return 0
            fi
            case "${prev}" in
                *)
                    COMPREPLY=()
                    ;;
            esac
            COMPREPLY=( $(compgen -W "${opts}" -- "${cur}") )
            return 0
            ;;
        libretto__help__search)
            opts=""
            if [[ ${cur} == -* || ${COMP_CWORD} -eq 3 ]] ; then
                COMPREPLY=( $(compgen -W "${opts}" -- "${cur}") )
                return 0
            fi
            case "${prev}" in
                *)
                    COMPREPLY=()
                    ;;
            esac
            COMPREPLY=( $(compgen -W "${opts}" -- "${cur}") )
            return 0
            ;;
        libretto__help__self__update)
            opts=""
            if [[ ${cur} == -* || ${COMP_CWORD} -eq 3 ]] ; then
                COMPREPLY=( $(compgen -W "${opts}" -- "${cur}") )
                return 0
            fi
            case "${prev}" in
                *)
                    COMPREPLY=()
                    ;;
            esac
            COMPREPLY=( $(compgen -W "${opts}" -- "${cur}") )
            return 0
            ;;
        libretto__help__show)
            opts=""
            if [[ ${cur} == -* || ${COMP_CWORD} -eq 3 ]] ; then
                COMPREPLY=( $(compgen -W "${opts}" -- "${cur}") )
                return 0
            fi
            case "${prev}" in
                *)
                    COMPREPLY=()
                    ;;
            esac
            COMPREPLY=( $(compgen -W "${opts}" -- "${cur}") )
            return 0
            ;;
        libretto__help__status)
            opts=""
            if [[ ${cur} == -* || ${COMP_CWORD} -eq 3 ]] ; then
                COMPREPLY=( $(compgen -W "${opts}" -- "${cur}") )
                return 0
            fi
            case "${prev}" in
                *)
                    COMPREPLY=()
                    ;;
            esac
            COMPREPLY=( $(compgen -W "${opts}" -- "${cur}") )
            return 0
            ;;
        libretto__help__suggests)
            opts=""
            if [[ ${cur} == -* || ${COMP_CWORD} -eq 3 ]] ; then
                COMPREPLY=( $(compgen -W "${opts}" -- "${cur}") )
                return 0
            fi
            case "${prev}" in
                *)
                    COMPREPLY=()
                    ;;
            esac
            COMPREPLY=( $(compgen -W "${opts}" -- "${cur}") )
            return 0
            ;;
        libretto__help__update)
            opts=""
            if [[ ${cur} == -* || ${COMP_CWORD} -eq 3 ]] ; then
                COMPREPLY=( $(compgen -W "${opts}" -- "${cur}") )
                return 0
            fi
            case "${prev}" in
                *)
                    COMPREPLY=()
                    ;;
            esac
            COMPREPLY=( $(compgen -W "${opts}" -- "${cur}") )
            return 0
            ;;
        libretto__help__validate)
            opts=""
            if [[ ${cur} == -* || ${COMP_CWORD} -eq 3 ]] ; then
                COMPREPLY=( $(compgen -W "${opts}" -- "${cur}") )
                return 0
            fi
            case "${prev}" in
                *)
                    COMPREPLY=()
                    ;;
            esac
            COMPREPLY=( $(compgen -W "${opts}" -- "${cur}") )
            return 0
            ;;
        libretto__init)
            opts="-l -q -n -d -v -h -V --name --description --author --package-type --license --stability --quiet --ansi --no-ansi --no-interaction --profile --no-plugins --no-scripts --working-dir --no-cache --format --verbose --help --version"
            if [[ ${cur} == -* || ${COMP_CWORD} -eq 2 ]] ; then
                COMPREPLY=( $(compgen -W "${opts}" -- "${cur}") )
                return 0
            fi
            case "${prev}" in
                --name)
                    COMPREPLY=($(compgen -f "${cur}"))
                    return 0
                    ;;
                --description)
                    COMPREPLY=($(compgen -f "${cur}"))
                    return 0
                    ;;
                --author)
                    COMPREPLY=($(compgen -f "${cur}"))
                    return 0
                    ;;
                --package-type)
                    COMPREPLY=($(compgen -f "${cur}"))
                    return 0
                    ;;
                --license)
                    COMPREPLY=($(compgen -f "${cur}"))
                    return 0
                    ;;
                -l)
                    COMPREPLY=($(compgen -f "${cur}"))
                    return 0
                    ;;
                --stability)
                    COMPREPLY=($(compgen -f "${cur}"))
                    return 0
                    ;;
                --working-dir)
                    COMPREPLY=($(compgen -f "${cur}"))
                    return 0
                    ;;
                -d)
                    COMPREPLY=($(compgen -f "${cur}"))
                    return 0
                    ;;
                --format)
                    COMPREPLY=($(compgen -W "table json text" -- "${cur}"))
                    return 0
                    ;;
                *)
                    COMPREPLY=()
                    ;;
            esac
            COMPREPLY=( $(compgen -W "${opts}" -- "${cur}") )
            return 0
            ;;
        libretto__install)
            opts="-o -a -q -n -d -v -h -V --no-dev --prefer-dist --prefer-source --dry-run --ignore-platform-reqs --ignore-platform-req --optimize-autoloader --classmap-authoritative --apcu-autoloader --no-scripts --prefer-lowest --prefer-stable --minimum-stability --no-progress --concurrency --audit --fail-on-audit --verify-checksums --quiet --ansi --no-ansi --no-interaction --profile --no-plugins --working-dir --no-cache --format --verbose --help --version"
            if [[ ${cur} == -* || ${COMP_CWORD} -eq 2 ]] ; then
                COMPREPLY=( $(compgen -W "${opts}" -- "${cur}") )
                return 0
            fi
            case "${prev}" in
                --ignore-platform-req)
                    COMPREPLY=($(compgen -f "${cur}"))
                    return 0
                    ;;
                --minimum-stability)
                    COMPREPLY=($(compgen -f "${cur}"))
                    return 0
                    ;;
                --concurrency)
                    COMPREPLY=($(compgen -f "${cur}"))
                    return 0
                    ;;
                --working-dir)
                    COMPREPLY=($(compgen -f "${cur}"))
                    return 0
                    ;;
                -d)
                    COMPREPLY=($(compgen -f "${cur}"))
                    return 0
                    ;;
                --format)
                    COMPREPLY=($(compgen -W "table json text" -- "${cur}"))
                    return 0
                    ;;
                *)
                    COMPREPLY=()
                    ;;
            esac
            COMPREPLY=( $(compgen -W "${opts}" -- "${cur}") )
            return 0
            ;;
        libretto__licenses)
            opts="-f -q -n -d -v -h -V --format --dev --no-dev --quiet --ansi --no-ansi --no-interaction --profile --no-plugins --no-scripts --working-dir --no-cache --verbose --help --version"
            if [[ ${cur} == -* || ${COMP_CWORD} -eq 2 ]] ; then
                COMPREPLY=( $(compgen -W "${opts}" -- "${cur}") )
                return 0
            fi
            case "${prev}" in
                --format)
                    COMPREPLY=($(compgen -f "${cur}"))
                    return 0
                    ;;
                -f)
                    COMPREPLY=($(compgen -f "${cur}"))
                    return 0
                    ;;
                --working-dir)
                    COMPREPLY=($(compgen -f "${cur}"))
                    return 0
                    ;;
                -d)
                    COMPREPLY=($(compgen -f "${cur}"))
                    return 0
                    ;;
                *)
                    COMPREPLY=()
                    ;;
            esac
            COMPREPLY=( $(compgen -W "${opts}" -- "${cur}") )
            return 0
            ;;
        libretto__outdated)
            opts="-a -D -m -f -q -n -d -v -h -V --all --direct --minor-only --format --strict --quiet --ansi --no-ansi --no-interaction --profile --no-plugins --no-scripts --working-dir --no-cache --verbose --help --version [PACKAGE]..."
            if [[ ${cur} == -* || ${COMP_CWORD} -eq 2 ]] ; then
                COMPREPLY=( $(compgen -W "${opts}" -- "${cur}") )
                return 0
            fi
            case "${prev}" in
                --format)
                    COMPREPLY=($(compgen -f "${cur}"))
                    return 0
                    ;;
                -f)
                    COMPREPLY=($(compgen -f "${cur}"))
                    return 0
                    ;;
                --working-dir)
                    COMPREPLY=($(compgen -f "${cur}"))
                    return 0
                    ;;
                -d)
                    COMPREPLY=($(compgen -f "${cur}"))
                    return 0
                    ;;
                *)
                    COMPREPLY=()
                    ;;
            esac
            COMPREPLY=( $(compgen -W "${opts}" -- "${cur}") )
            return 0
            ;;
        libretto__prohibits)
            opts="-r -t -q -n -d -v -h -V --recursive --tree --quiet --ansi --no-ansi --no-interaction --profile --no-plugins --no-scripts --working-dir --no-cache --format --verbose --help --version <PACKAGE> [VERSION]"
            if [[ ${cur} == -* || ${COMP_CWORD} -eq 2 ]] ; then
                COMPREPLY=( $(compgen -W "${opts}" -- "${cur}") )
                return 0
            fi
            case "${prev}" in
                --working-dir)
                    COMPREPLY=($(compgen -f "${cur}"))
                    return 0
                    ;;
                -d)
                    COMPREPLY=($(compgen -f "${cur}"))
                    return 0
                    ;;
                --format)
                    COMPREPLY=($(compgen -W "table json text" -- "${cur}"))
                    return 0
                    ;;
                *)
                    COMPREPLY=()
                    ;;
            esac
            COMPREPLY=( $(compgen -W "${opts}" -- "${cur}") )
            return 0
            ;;
        libretto__reinstall)
            opts="-q -n -d -v -h -V --prefer-source --prefer-dist --no-dev --no-autoloader --no-scripts --quiet --ansi --no-ansi --no-interaction --profile --no-plugins --working-dir --no-cache --format --verbose --help --version [PACKAGE]..."
            if [[ ${cur} == -* || ${COMP_CWORD} -eq 2 ]] ; then
                COMPREPLY=( $(compgen -W "${opts}" -- "${cur}") )
                return 0
            fi
            case "${prev}" in
                --working-dir)
                    COMPREPLY=($(compgen -f "${cur}"))
                    return 0
                    ;;
                -d)
                    COMPREPLY=($(compgen -f "${cur}"))
                    return 0
                    ;;
                --format)
                    COMPREPLY=($(compgen -W "table json text" -- "${cur}"))
                    return 0
                    ;;
                *)
                    COMPREPLY=()
                    ;;
            esac
            COMPREPLY=( $(compgen -W "${opts}" -- "${cur}") )
            return 0
            ;;
        libretto__remove)
            opts="-D -q -n -d -v -h -V --dev --no-update --no-update-with-dependencies --quiet --ansi --no-ansi --no-interaction --profile --no-plugins --no-scripts --working-dir --no-cache --format --verbose --help --version <PACKAGE>..."
            if [[ ${cur} == -* || ${COMP_CWORD} -eq 2 ]] ; then
                COMPREPLY=( $(compgen -W "${opts}" -- "${cur}") )
                return 0
            fi
            case "${prev}" in
                --working-dir)
                    COMPREPLY=($(compgen -f "${cur}"))
                    return 0
                    ;;
                -d)
                    COMPREPLY=($(compgen -f "${cur}"))
                    return 0
                    ;;
                --format)
                    COMPREPLY=($(compgen -W "table json text" -- "${cur}"))
                    return 0
                    ;;
                *)
                    COMPREPLY=()
                    ;;
            esac
            COMPREPLY=( $(compgen -W "${opts}" -- "${cur}") )
            return 0
            ;;
        libretto__repository)
            opts="-g -q -n -d -v -h -V --global --quiet --ansi --no-ansi --no-interaction --profile --no-plugins --no-scripts --working-dir --no-cache --format --verbose --help --version add remove list enable disable help"
            if [[ ${cur} == -* || ${COMP_CWORD} -eq 2 ]] ; then
                COMPREPLY=( $(compgen -W "${opts}" -- "${cur}") )
                return 0
            fi
            case "${prev}" in
                --working-dir)
                    COMPREPLY=($(compgen -f "${cur}"))
                    return 0
                    ;;
                -d)
                    COMPREPLY=($(compgen -f "${cur}"))
                    return 0
                    ;;
                --format)
                    COMPREPLY=($(compgen -W "table json text" -- "${cur}"))
                    return 0
                    ;;
                *)
                    COMPREPLY=()
                    ;;
            esac
            COMPREPLY=( $(compgen -W "${opts}" -- "${cur}") )
            return 0
            ;;
        libretto__repository__add)
            opts="-t -q -n -d -v -h -V --repo-type --quiet --ansi --no-ansi --no-interaction --profile --no-plugins --no-scripts --working-dir --no-cache --format --verbose --help --version <NAME> <URL>"
            if [[ ${cur} == -* || ${COMP_CWORD} -eq 3 ]] ; then
                COMPREPLY=( $(compgen -W "${opts}" -- "${cur}") )
                return 0
            fi
            case "${prev}" in
                --repo-type)
                    COMPREPLY=($(compgen -f "${cur}"))
                    return 0
                    ;;
                -t)
                    COMPREPLY=($(compgen -f "${cur}"))
                    return 0
                    ;;
                --working-dir)
                    COMPREPLY=($(compgen -f "${cur}"))
                    return 0
                    ;;
                -d)
                    COMPREPLY=($(compgen -f "${cur}"))
                    return 0
                    ;;
                --format)
                    COMPREPLY=($(compgen -W "table json text" -- "${cur}"))
                    return 0
                    ;;
                *)
                    COMPREPLY=()
                    ;;
            esac
            COMPREPLY=( $(compgen -W "${opts}" -- "${cur}") )
            return 0
            ;;
        libretto__repository__disable)
            opts="-q -n -d -v -h -V --quiet --ansi --no-ansi --no-interaction --profile --no-plugins --no-scripts --working-dir --no-cache --format --verbose --help --version <NAME>"
            if [[ ${cur} == -* || ${COMP_CWORD} -eq 3 ]] ; then
                COMPREPLY=( $(compgen -W "${opts}" -- "${cur}") )
                return 0
            fi
            case "${prev}" in
                --working-dir)
                    COMPREPLY=($(compgen -f "${cur}"))
                    return 0
                    ;;
                -d)
                    COMPREPLY=($(compgen -f "${cur}"))
                    return 0
                    ;;
                --format)
                    COMPREPLY=($(compgen -W "table json text" -- "${cur}"))
                    return 0
                    ;;
                *)
                    COMPREPLY=()
                    ;;
            esac
            COMPREPLY=( $(compgen -W "${opts}" -- "${cur}") )
            return 0
            ;;
        libretto__repository__enable)
            opts="-q -n -d -v -h -V --quiet --ansi --no-ansi --no-interaction --profile --no-plugins --no-scripts --working-dir --no-cache --format --verbose --help --version <NAME>"
            if [[ ${cur} == -* || ${COMP_CWORD} -eq 3 ]] ; then
                COMPREPLY=( $(compgen -W "${opts}" -- "${cur}") )
                return 0
            fi
            case "${prev}" in
                --working-dir)
                    COMPREPLY=($(compgen -f "${cur}"))
                    return 0
                    ;;
                -d)
                    COMPREPLY=($(compgen -f "${cur}"))
                    return 0
                    ;;
                --format)
                    COMPREPLY=($(compgen -W "table json text" -- "${cur}"))
                    return 0
                    ;;
                *)
                    COMPREPLY=()
                    ;;
            esac
            COMPREPLY=( $(compgen -W "${opts}" -- "${cur}") )
            return 0
            ;;
        libretto__repository__help)
            opts="add remove list enable disable help"
            if [[ ${cur} == -* || ${COMP_CWORD} -eq 3 ]] ; then
                COMPREPLY=( $(compgen -W "${opts}" -- "${cur}") )
                return 0
            fi
            case "${prev}" in
                *)
                    COMPREPLY=()
                    ;;
            esac
            COMPREPLY=( $(compgen -W "${opts}" -- "${cur}") )
            return 0
            ;;
        libretto__repository__help__add)
            opts=""
            if [[ ${cur} == -* || ${COMP_CWORD} -eq 4 ]] ; then
                COMPREPLY=( $(compgen -W "${opts}" -- "${cur}") )
                return 0
            fi
            case "${prev}" in
                *)
                    COMPREPLY=()
                    ;;
            esac
            COMPREPLY=( $(compgen -W "${opts}" -- "${cur}") )
            return 0
            ;;
        libretto__repository__help__disable)
            opts=""
            if [[ ${cur} == -* || ${COMP_CWORD} -eq 4 ]] ; then
                COMPREPLY=( $(compgen -W "${opts}" -- "${cur}") )
                return 0
            fi
            case "${prev}" in
                *)
                    COMPREPLY=()
                    ;;
            esac
            COMPREPLY=( $(compgen -W "${opts}" -- "${cur}") )
            return 0
            ;;
        libretto__repository__help__enable)
            opts=""
            if [[ ${cur} == -* || ${COMP_CWORD} -eq 4 ]] ; then
                COMPREPLY=( $(compgen -W "${opts}" -- "${cur}") )
                return 0
            fi
            case "${prev}" in
                *)
                    COMPREPLY=()
                    ;;
            esac
            COMPREPLY=( $(compgen -W "${opts}" -- "${cur}") )
            return 0
            ;;
        libretto__repository__help__help)
            opts=""
            if [[ ${cur} == -* || ${COMP_CWORD} -eq 4 ]] ; then
                COMPREPLY=( $(compgen -W "${opts}" -- "${cur}") )
                return 0
            fi
            case "${prev}" in
                *)
                    COMPREPLY=()
                    ;;
            esac
            COMPREPLY=( $(compgen -W "${opts}" -- "${cur}") )
            return 0
            ;;
        libretto__repository__help__list)
            opts=""
            if [[ ${cur} == -* || ${COMP_CWORD} -eq 4 ]] ; then
                COMPREPLY=( $(compgen -W "${opts}" -- "${cur}") )
                return 0
            fi
            case "${prev}" in
                *)
                    COMPREPLY=()
                    ;;
            esac
            COMPREPLY=( $(compgen -W "${opts}" -- "${cur}") )
            return 0
            ;;
        libretto__repository__help__remove)
            opts=""
            if [[ ${cur} == -* || ${COMP_CWORD} -eq 4 ]] ; then
                COMPREPLY=( $(compgen -W "${opts}" -- "${cur}") )
                return 0
            fi
            case "${prev}" in
                *)
                    COMPREPLY=()
                    ;;
            esac
            COMPREPLY=( $(compgen -W "${opts}" -- "${cur}") )
            return 0
            ;;
        libretto__repository__list)
            opts="-q -n -d -v -h -V --quiet --ansi --no-ansi --no-interaction --profile --no-plugins --no-scripts --working-dir --no-cache --format --verbose --help --version"
            if [[ ${cur} == -* || ${COMP_CWORD} -eq 3 ]] ; then
                COMPREPLY=( $(compgen -W "${opts}" -- "${cur}") )
                return 0
            fi
            case "${prev}" in
                --working-dir)
                    COMPREPLY=($(compgen -f "${cur}"))
                    return 0
                    ;;
                -d)
                    COMPREPLY=($(compgen -f "${cur}"))
                    return 0
                    ;;
                --format)
                    COMPREPLY=($(compgen -W "table json text" -- "${cur}"))
                    return 0
                    ;;
                *)
                    COMPREPLY=()
                    ;;
            esac
            COMPREPLY=( $(compgen -W "${opts}" -- "${cur}") )
            return 0
            ;;
        libretto__repository__remove)
            opts="-q -n -d -v -h -V --quiet --ansi --no-ansi --no-interaction --profile --no-plugins --no-scripts --working-dir --no-cache --format --verbose --help --version <NAME>"
            if [[ ${cur} == -* || ${COMP_CWORD} -eq 3 ]] ; then
                COMPREPLY=( $(compgen -W "${opts}" -- "${cur}") )
                return 0
            fi
            case "${prev}" in
                --working-dir)
                    COMPREPLY=($(compgen -f "${cur}"))
                    return 0
                    ;;
                -d)
                    COMPREPLY=($(compgen -f "${cur}"))
                    return 0
                    ;;
                --format)
                    COMPREPLY=($(compgen -W "table json text" -- "${cur}"))
                    return 0
                    ;;
                *)
                    COMPREPLY=()
                    ;;
            esac
            COMPREPLY=( $(compgen -W "${opts}" -- "${cur}") )
            return 0
            ;;
        libretto__require)
            opts="-D -q -n -d -v -h -V --dev --no-update --dry-run --prefer-stable --sort-packages --quiet --ansi --no-ansi --no-interaction --profile --no-plugins --no-scripts --working-dir --no-cache --format --verbose --help --version <PACKAGE>..."
            if [[ ${cur} == -* || ${COMP_CWORD} -eq 2 ]] ; then
                COMPREPLY=( $(compgen -W "${opts}" -- "${cur}") )
                return 0
            fi
            case "${prev}" in
                --working-dir)
                    COMPREPLY=($(compgen -f "${cur}"))
                    return 0
                    ;;
                -d)
                    COMPREPLY=($(compgen -f "${cur}"))
                    return 0
                    ;;
                --format)
                    COMPREPLY=($(compgen -W "table json text" -- "${cur}"))
                    return 0
                    ;;
                *)
                    COMPREPLY=()
                    ;;
            esac
            COMPREPLY=( $(compgen -W "${opts}" -- "${cur}") )
            return 0
            ;;
        libretto__run__script)
            opts="-l -q -n -d -v -h -V --list --timeout --dev --no-dev --quiet --ansi --no-ansi --no-interaction --profile --no-plugins --no-scripts --working-dir --no-cache --format --verbose --help --version [SCRIPT] [ARGS]..."
            if [[ ${cur} == -* || ${COMP_CWORD} -eq 2 ]] ; then
                COMPREPLY=( $(compgen -W "${opts}" -- "${cur}") )
                return 0
            fi
            case "${prev}" in
                --timeout)
                    COMPREPLY=($(compgen -f "${cur}"))
                    return 0
                    ;;
                --working-dir)
                    COMPREPLY=($(compgen -f "${cur}"))
                    return 0
                    ;;
                -d)
                    COMPREPLY=($(compgen -f "${cur}"))
                    return 0
                    ;;
                --format)
                    COMPREPLY=($(compgen -W "table json text" -- "${cur}"))
                    return 0
                    ;;
                *)
                    COMPREPLY=()
                    ;;
            esac
            COMPREPLY=( $(compgen -W "${opts}" -- "${cur}") )
            return 0
            ;;
        libretto__search)
            opts="-N -t -f -q -n -d -v -h -V --only-name --type --format --quiet --ansi --no-ansi --no-interaction --profile --no-plugins --no-scripts --working-dir --no-cache --verbose --help --version <QUERY>"
            if [[ ${cur} == -* || ${COMP_CWORD} -eq 2 ]] ; then
                COMPREPLY=( $(compgen -W "${opts}" -- "${cur}") )
                return 0
            fi
            case "${prev}" in
                --type)
                    COMPREPLY=($(compgen -f "${cur}"))
                    return 0
                    ;;
                -t)
                    COMPREPLY=($(compgen -f "${cur}"))
                    return 0
                    ;;
                --format)
                    COMPREPLY=($(compgen -f "${cur}"))
                    return 0
                    ;;
                -f)
                    COMPREPLY=($(compgen -f "${cur}"))
                    return 0
                    ;;
                --working-dir)
                    COMPREPLY=($(compgen -f "${cur}"))
                    return 0
                    ;;
                -d)
                    COMPREPLY=($(compgen -f "${cur}"))
                    return 0
                    ;;
                *)
                    COMPREPLY=()
                    ;;
            esac
            COMPREPLY=( $(compgen -W "${opts}" -- "${cur}") )
            return 0
            ;;
        libretto__self__update)
            opts="-r -q -n -d -v -h -V --rollback --check --preview --stable --set-channel-only --quiet --ansi --no-ansi --no-interaction --profile --no-plugins --no-scripts --working-dir --no-cache --format --verbose --help --version [VERSION]"
            if [[ ${cur} == -* || ${COMP_CWORD} -eq 2 ]] ; then
                COMPREPLY=( $(compgen -W "${opts}" -- "${cur}") )
                return 0
            fi
            case "${prev}" in
                --set-channel-only)
                    COMPREPLY=($(compgen -f "${cur}"))
                    return 0
                    ;;
                --working-dir)
                    COMPREPLY=($(compgen -f "${cur}"))
                    return 0
                    ;;
                -d)
                    COMPREPLY=($(compgen -f "${cur}"))
                    return 0
                    ;;
                --format)
                    COMPREPLY=($(compgen -W "table json text" -- "${cur}"))
                    return 0
                    ;;
                *)
                    COMPREPLY=()
                    ;;
            esac
            COMPREPLY=( $(compgen -W "${opts}" -- "${cur}") )
            return 0
            ;;
        libretto__show)
            opts="-i -a -t -q -n -d -v -h -V --installed --available --all --tree --quiet --ansi --no-ansi --no-interaction --profile --no-plugins --no-scripts --working-dir --no-cache --format --verbose --help --version [PACKAGE]"
            if [[ ${cur} == -* || ${COMP_CWORD} -eq 2 ]] ; then
                COMPREPLY=( $(compgen -W "${opts}" -- "${cur}") )
                return 0
            fi
            case "${prev}" in
                --working-dir)
                    COMPREPLY=($(compgen -f "${cur}"))
                    return 0
                    ;;
                -d)
                    COMPREPLY=($(compgen -f "${cur}"))
                    return 0
                    ;;
                --format)
                    COMPREPLY=($(compgen -W "table json text" -- "${cur}"))
                    return 0
                    ;;
                *)
                    COMPREPLY=()
                    ;;
            esac
            COMPREPLY=( $(compgen -W "${opts}" -- "${cur}") )
            return 0
            ;;
        libretto__status)
            opts="-v -q -n -d -h -V --verbose --quiet --ansi --no-ansi --no-interaction --profile --no-plugins --no-scripts --working-dir --no-cache --format --help --version"
            if [[ ${cur} == -* || ${COMP_CWORD} -eq 2 ]] ; then
                COMPREPLY=( $(compgen -W "${opts}" -- "${cur}") )
                return 0
            fi
            case "${prev}" in
                --working-dir)
                    COMPREPLY=($(compgen -f "${cur}"))
                    return 0
                    ;;
                -d)
                    COMPREPLY=($(compgen -f "${cur}"))
                    return 0
                    ;;
                --format)
                    COMPREPLY=($(compgen -W "table json text" -- "${cur}"))
                    return 0
                    ;;
                *)
                    COMPREPLY=()
                    ;;
            esac
            COMPREPLY=( $(compgen -W "${opts}" -- "${cur}") )
            return 0
            ;;
        libretto__suggests)
            opts="-f -q -n -d -v -h -V --installed --uninstalled --flat --format --quiet --ansi --no-ansi --no-interaction --profile --no-plugins --no-scripts --working-dir --no-cache --verbose --help --version [PACKAGE]..."
            if [[ ${cur} == -* || ${COMP_CWORD} -eq 2 ]] ; then
                COMPREPLY=( $(compgen -W "${opts}" -- "${cur}") )
                return 0
            fi
            case "${prev}" in
                --format)
                    COMPREPLY=($(compgen -f "${cur}"))
                    return 0
                    ;;
                -f)
                    COMPREPLY=($(compgen -f "${cur}"))
                    return 0
                    ;;
                --working-dir)
                    COMPREPLY=($(compgen -f "${cur}"))
                    return 0
                    ;;
                -d)
                    COMPREPLY=($(compgen -f "${cur}"))
                    return 0
                    ;;
                *)
                    COMPREPLY=()
                    ;;
            esac
            COMPREPLY=( $(compgen -W "${opts}" -- "${cur}") )
            return 0
            ;;
        libretto__update)
            opts="-q -n -d -v -h -V --no-dev --prefer-lowest --prefer-stable --dry-run --root-reqs --lock --audit --fail-on-audit --quiet --ansi --no-ansi --no-interaction --profile --no-plugins --no-scripts --working-dir --no-cache --format --verbose --help --version [PACKAGE]..."
            if [[ ${cur} == -* || ${COMP_CWORD} -eq 2 ]] ; then
                COMPREPLY=( $(compgen -W "${opts}" -- "${cur}") )
                return 0
            fi
            case "${prev}" in
                --working-dir)
                    COMPREPLY=($(compgen -f "${cur}"))
                    return 0
                    ;;
                -d)
                    COMPREPLY=($(compgen -f "${cur}"))
                    return 0
                    ;;
                --format)
                    COMPREPLY=($(compgen -W "table json text" -- "${cur}"))
                    return 0
                    ;;
                *)
                    COMPREPLY=()
                    ;;
            esac
            COMPREPLY=( $(compgen -W "${opts}" -- "${cur}") )
            return 0
            ;;
        libretto__validate)
            opts="-q -n -d -v -h -V --with-dependencies --strict --no-check-version --quiet --ansi --no-ansi --no-interaction --profile --no-plugins --no-scripts --working-dir --no-cache --format --verbose --help --version"
            if [[ ${cur} == -* || ${COMP_CWORD} -eq 2 ]] ; then
                COMPREPLY=( $(compgen -W "${opts}" -- "${cur}") )
                return 0
            fi
            case "${prev}" in
                --working-dir)
                    COMPREPLY=($(compgen -f "${cur}"))
                    return 0
                    ;;
                -d)
                    COMPREPLY=($(compgen -f "${cur}"))
                    return 0
                    ;;
                --format)
                    COMPREPLY=($(compgen -W "table json text" -- "${cur}"))
                    return 0
                    ;;
                *)
                    COMPREPLY=()
                    ;;
            esac
            COMPREPLY=( $(compgen -W "${opts}" -- "${cur}") )
            return 0
            ;;
    esac
}

if [[ "${BASH_VERSINFO[0]}" -eq 4 && "${BASH_VERSINFO[1]}" -ge 4 || "${BASH_VERSINFO[0]}" -gt 4 ]]; then
    complete -F _libretto -o nosort -o bashdefault -o default libretto
else
    complete -F _libretto -o bashdefault -o default libretto
fi
